<?xml version="1.0" encoding="UTF-8"?>
<TestRun id="06d60fec-f593-4425-a9d2-07997cc90741" name="Heather@TRANCE 2015-02-01 18:31:59" runUser="Trance\Heather" xmlns="http://microsoft.com/schemas/VisualStudio/TeamTest/2010">
  <TestSettings name="Local" id="99465352-ae92-469c-b4aa-2e42f31f0183">
    <Description>These are default test settings for a local test run.</Description>
    <Deployment enabled="false" runDeploymentRoot="Heather_TRANCE 2015-02-01 18_31_59">
      <DeploymentItem filename="C:\Users\Heather\Documents\WVU\SENG691Z\Assignment1\Task2\bin\Debug\Task2.exe" />
    </Deployment>
    <Execution>
      <TestTypeSpecific />
      <AgentRule name="Execution Agents">
      </AgentRule>
    </Execution>
  </TestSettings>
  <Times creation="2015-02-01T18:31:59.2169469-05:00" queuing="2015-02-01T18:31:59.2679498-05:00" start="2015-02-01T18:31:59.3059520-05:00" finish="2015-02-01T18:31:59.6689728-05:00" />
  <ResultSummary outcome="Completed">
    <Counters total="1" executed="1" passed="1" error="0" failed="0" timeout="0" aborted="0" inconclusive="0" passedButRunAborted="0" notRunnable="0" notExecuted="0" disconnected="0" warning="0" completed="0" inProgress="0" pending="0" />
  </ResultSummary>
  <TestDefinitions>
    <UnitTest name="isSquareOpenTest" storage="c:\users\heather\documents\wvu\seng691z\assignment1\task2\task2test\bin\debug\task2test.dll" id="e1d4160f-dcca-5d49-3777-61942594f6b7">
      <Execution id="eb97cc59-9800-47cd-8e45-af35a09a3ef9" />
      <TestMethod codeBase="C:/Users/Heather/Documents/WVU/SENG691Z/Assignment1/Task2/Task2Test/bin/Debug/Task2Test.DLL" adapterTypeName="Microsoft.VisualStudio.TestTools.TestTypes.Unit.UnitTestAdapter, Microsoft.VisualStudio.QualityTools.Tips.UnitTest.Adapter, Version=10.0.0.0, Culture=neutral, PublicKeyToken=b03f5f7f11d50a3a" className="Task2Test.BoardTest, Task2Test, Version=1.0.0.0, Culture=neutral, PublicKeyToken=null" name="isSquareOpenTest" />
    </UnitTest>
  </TestDefinitions>
  <TestLists>
    <TestList name="Results Not in a List" id="8c84fa94-04c1-424b-9868-57a2d4851a1d" />
    <TestList name="All Loaded Results" id="19431567-8539-422a-85d7-44ee4e166bda" />
  </TestLists>
  <TestEntries>
    <TestEntry testId="e1d4160f-dcca-5d49-3777-61942594f6b7" executionId="eb97cc59-9800-47cd-8e45-af35a09a3ef9" testListId="8c84fa94-04c1-424b-9868-57a2d4851a1d" />
  </TestEntries>
  <Results>
    <UnitTestResult executionId="eb97cc59-9800-47cd-8e45-af35a09a3ef9" testId="e1d4160f-dcca-5d49-3777-61942594f6b7" testName="isSquareOpenTest" computerName="TRANCE" duration="00:00:00.0196524" startTime="2015-02-01T18:31:59.3699557-05:00" endTime="2015-02-01T18:31:59.6439714-05:00" testType="13cdc9d9-ddb5-4fa4-a97d-d965ccfc6d4b" outcome="Passed" testListId="8c84fa94-04c1-424b-9868-57a2d4851a1d" relativeResultsDirectory="eb97cc59-9800-47cd-8e45-af35a09a3ef9">
    </UnitTestResult>
  </Results>
</TestRun>